// Jest Snapshot v1, https://goo.gl/fbAQLP

exports[`should nor return error message when no error is present 1`] = `
ShallowWrapper {
  "length": 1,
  Symbol(enzyme.__root__): [Circular],
  Symbol(enzyme.__unrendered__): <ErrorBoundary>
    <Card
        email="Sincere@april.biz"
        id={1}
        name="Leanne Graham"
    />
</ErrorBoundary>,
  Symbol(enzyme.__renderer__): Object {
    "batchedUpdates": [Function],
    "getNode": [Function],
    "render": [Function],
    "simulateEvent": [Function],
    "unmount": [Function],
  },
  Symbol(enzyme.__node__): Array [
    <Card
      email="Sincere@april.biz"
      id={1}
      name="Leanne Graham"
/>,
  ],
  Symbol(enzyme.__nodes__): Array [
    Array [
      <Card
        email="Sincere@april.biz"
        id={1}
        name="Leanne Graham"
/>,
    ],
  ],
  Symbol(enzyme.__options__): Object {
    "adapter": ReactSixteenAdapter {
      "options": Object {
        "enableComponentDidUpdateOnSetState": true,
      },
    },
  },
}
`;
